a

b

c


Hello, world!


Goodbye, world!


